[36mvite v7.3.1 [32mbuilding client environment for production...[36m[39m
transforming...
[32mΓ£ô[39m 19 modules transformed.
node.exe : 
[31mΓ£ù[39m Build 
failed in 820ms
At C:\Program Files\nod
ejs\npx.ps1:29 char:3
+   & $NODE_EXE 
$NPX_CLI_JS $args
+   ~~~~~~~~~~~~~~~~~~~
~~~~~~~~~~
    + CategoryInfo     
         : NotSpecifi  
  ed: ([31mΓ£ù[39m   
  Build failed in 8    
20ms:String) [], R    
emoteException
    + FullyQualifiedEr 
   rorId : NativeComm  
  andError
 
[31merror during 
build:
[31mCould not resolve 
"./Pages/staff/VerifyEn
try" from 
"src/App.jsx"[31m
file: [36mC:/Users/HP/
think_Fest/client/src/A
pp.jsx[31m
    at getRollupError (
file:///C:/Users/HP/thi
nk_Fest/client/node_mod
ules/rollup/dist/es/sha
red/parseAst.js:402:41)
    at error (file:///C
:/Users/HP/think_Fest/c
lient/node_modules/roll
up/dist/es/shared/parse
Ast.js:398:42)
    at ModuleLoader.han
dleInvalidResolvedId (f
ile:///C:/Users/HP/thin
k_Fest/client/node_modu
les/rollup/dist/es/shar
ed/node-entry.js:21710:
24)
    at file:///C:/Users
/HP/think_Fest/client/n
ode_modules/rollup/dist
/es/shared/node-entry.j
s:21670:26[39m
